// Jest Snapshot v1, https://goo.gl/fbAQLP

exports[`About component match snapshot DOM node structure 1`] = `
<DocumentFragment>
  <section
    class="my-5"
  >
    <h1
      id="about"
    >
      Who am I?
    </h1>
    <img
      alt="cover"
      class="my-2"
      src="cover-image.jpg"
      style="width: 100%;"
    />
    <p>
      Lorem ipsum dolor sit amet consectetur adipisicing elit. Cumque, aut nam aperiam voluptatem tempore fugiat delectus sunt? Numquam eos fugit quo asperiores libero tempore excepturi expedita, perspiciatis magnam, sit ab.
    </p>
  </section>
</DocumentFragment>
`;
